0 verbose cli /usr/local/bin/node /usr/local/bin/npm
1 info using npm@10.9.3
2 info using node@v22.20.0
3 silly config load:file:/usr/local/lib/node_modules/npm/npmrc
4 silly config load:file:/Users/sunsu/Desktop/Sunsky Map/travel-route-studio/.npmrc
5 silly config load:file:/Users/sunsu/.npmrc
6 silly config load:file:/Users/sunsu/.npm-global/etc/npmrc
7 verbose title npm install dotenv
8 verbose argv "install" "dotenv"
9 verbose logfile logs-max:10 dir:/Users/sunsu/Desktop/Sunsky Map/travel-route-studio/npm-cache/_logs/2025-12-30T15_20_39_884Z-
10 verbose logfile /Users/sunsu/Desktop/Sunsky Map/travel-route-studio/npm-cache/_logs/2025-12-30T15_20_39_884Z-debug-0.log
11 silly logfile start cleaning logs, removing 1 files
12 silly packumentCache heap:4345298944 maxSize:1086324736 maxEntrySize:543162368
13 silly logfile done cleaning log files
14 silly idealTree buildDeps
15 silly fetch manifest dotenv@*
16 silly packumentCache full:https://registry.npmjs.org/dotenv cache-miss
17 http fetch GET 200 https://registry.npmjs.org/dotenv 79ms (cache miss)
18 silly packumentCache full:https://registry.npmjs.org/dotenv set size:undefined disposed:false
19 silly placeDep ROOT dotenv@17.2.3 OK for: travel-route-studio@0.1.0 want: *
20 silly reify moves {}
21 silly audit bulk request {
21 silly audit   '@alloc/quick-lru': [ '5.2.0' ],
21 silly audit   '@babel/runtime': [ '7.28.4' ],
21 silly audit   '@dimforge/rapier3d-compat': [ '0.12.0' ],
21 silly audit   '@google/generative-ai': [ '0.24.1' ],
21 silly audit   '@hello-pangea/dnd': [ '17.0.0' ],
21 silly audit   '@jridgewell/gen-mapping': [ '0.3.13' ],
21 silly audit   '@jridgewell/resolve-uri': [ '3.1.2' ],
21 silly audit   '@jridgewell/sourcemap-codec': [ '1.5.5' ],
21 silly audit   '@jridgewell/trace-mapping': [ '0.3.31' ],
21 silly audit   '@mapbox/geojson-rewind': [ '0.5.2' ],
21 silly audit   '@mapbox/jsonlint-lines-primitives': [ '2.0.2' ],
21 silly audit   '@mapbox/mapbox-gl-supported': [ '3.0.0' ],
21 silly audit   '@mapbox/point-geometry': [ '1.1.0', '0.1.0' ],
21 silly audit   '@mapbox/tiny-sdf': [ '2.0.7' ],
21 silly audit   '@mapbox/unitbezier': [ '0.0.1' ],
21 silly audit   '@mapbox/vector-tile': [ '2.0.4', '1.3.1' ],
21 silly audit   '@types/geojson': [ '7946.0.16', '7946.0.8' ],
21 silly audit   '@mapbox/whoots-js': [ '3.1.0' ],
21 silly audit   '@maplibre/maplibre-gl-style-spec': [ '20.4.0' ],
21 silly audit   quickselect: [ '2.0.0', '3.0.0', '1.1.1' ],
21 silly audit   '@next/env': [ '14.2.0' ],
21 silly audit   '@next/swc-darwin-arm64': [ '14.2.0' ],
21 silly audit   '@next/swc-darwin-x64': [ '14.2.0' ],
21 silly audit   '@next/swc-linux-arm64-gnu': [ '14.2.0' ],
21 silly audit   '@next/swc-linux-arm64-musl': [ '14.2.0' ],
21 silly audit   '@next/swc-linux-x64-gnu': [ '14.2.0' ],
21 silly audit   '@next/swc-linux-x64-musl': [ '14.2.0' ],
21 silly audit   '@next/swc-win32-arm64-msvc': [ '14.2.0' ],
21 silly audit   '@next/swc-win32-ia32-msvc': [ '14.2.0' ],
21 silly audit   '@next/swc-win32-x64-msvc': [ '14.2.0' ],
21 silly audit   '@nodelib/fs.scandir': [ '2.1.5' ],
21 silly audit   '@nodelib/fs.stat': [ '2.0.5' ],
21 silly audit   '@nodelib/fs.walk': [ '1.2.8' ],
21 silly audit   '@prisma/client': [ '5.22.0' ],
21 silly audit   '@prisma/debug': [ '5.22.0' ],
21 silly audit   '@prisma/engines': [ '5.22.0' ],
21 silly audit   '@prisma/engines-version': [ '5.22.0-44.605197351a3c8bdd595af2d2a9bc3025bca48ea2' ],
21 silly audit   '@prisma/fetch-engine': [ '5.22.0' ],
21 silly audit   '@prisma/get-platform': [ '5.22.0' ],
21 silly audit   '@swc/counter': [ '0.1.3' ],
21 silly audit   '@swc/helpers': [ '0.5.5' ],
21 silly audit   '@turf/along': [ '6.5.0' ],
21 silly audit   '@turf/angle': [ '6.5.0' ],
21 silly audit   '@turf/area': [ '6.5.0' ],
21 silly audit   '@turf/bbox': [ '6.5.0' ],
21 silly audit   '@turf/bbox-clip': [ '6.5.0' ],
21 silly audit   '@turf/bbox-polygon': [ '6.5.0' ],
21 silly audit   '@turf/bearing': [ '6.5.0' ],
21 silly audit   '@turf/bezier-spline': [ '6.5.0' ],
21 silly audit   '@turf/boolean-clockwise': [ '6.5.0' ],
21 silly audit   '@turf/boolean-contains': [ '6.5.0' ],
21 silly audit   '@turf/boolean-crosses': [ '6.5.0' ],
21 silly audit   '@turf/boolean-disjoint': [ '6.5.0' ],
21 silly audit   '@turf/boolean-equal': [ '6.5.0' ],
21 silly audit   '@turf/boolean-intersects': [ '6.5.0' ],
21 silly audit   '@turf/boolean-overlap': [ '6.5.0' ],
21 silly audit   '@turf/boolean-parallel': [ '6.5.0' ],
21 silly audit   '@turf/boolean-point-in-polygon': [ '6.5.0' ],
21 silly audit   '@turf/boolean-point-on-line': [ '6.5.0' ],
21 silly audit   '@turf/boolean-within': [ '6.5.0' ],
21 silly audit   '@turf/buffer': [ '6.5.0' ],
21 silly audit   '@turf/center': [ '6.5.0' ],
21 silly audit   '@turf/center-mean': [ '6.5.0' ],
21 silly audit   '@turf/center-median': [ '6.5.0' ],
21 silly audit   '@turf/center-of-mass': [ '6.5.0' ],
21 silly audit   '@turf/centroid': [ '6.5.0' ],
21 silly audit   '@turf/circle': [ '6.5.0' ],
21 silly audit   '@turf/clean-coords': [ '6.5.0' ],
21 silly audit   '@turf/clone': [ '6.5.0' ],
21 silly audit   '@turf/clusters': [ '6.5.0' ],
21 silly audit   '@turf/clusters-dbscan': [ '6.5.0' ],
21 silly audit   '@turf/clusters-kmeans': [ '6.5.0' ],
21 silly audit   '@turf/collect': [ '6.5.0' ],
21 silly audit   '@turf/combine': [ '6.5.0' ],
21 silly audit   '@turf/concave': [ '6.5.0' ],
21 silly audit   '@turf/convex': [ '6.5.0' ],
21 silly audit   '@turf/destination': [ '6.5.0' ],
21 silly audit   '@turf/difference': [ '6.5.0' ],
21 silly audit   '@turf/dissolve': [ '6.5.0' ],
21 silly audit   '@turf/distance': [ '6.5.0' ],
21 silly audit   '@turf/distance-weight': [ '6.5.0' ],
21 silly audit   '@turf/ellipse': [ '6.5.0' ],
21 silly audit   '@turf/envelope': [ '6.5.0' ],
21 silly audit   '@turf/explode': [ '6.5.0' ],
21 silly audit   '@turf/flatten': [ '6.5.0' ],
21 silly audit   '@turf/flip': [ '6.5.0' ],
21 silly audit   '@turf/great-circle': [ '6.5.0' ],
21 silly audit   '@turf/helpers': [ '6.5.0' ],
21 silly audit   '@turf/hex-grid': [ '6.5.0' ],
21 silly audit   '@turf/interpolate': [ '6.5.0' ],
21 silly audit   '@turf/intersect': [ '6.5.0' ],
21 silly audit   '@turf/invariant': [ '6.5.0' ],
21 silly audit   '@turf/isobands': [ '6.5.0' ],
21 silly audit   '@turf/isolines': [ '6.5.0' ],
21 silly audit   '@turf/kinks': [ '6.5.0' ],
21 silly audit   '@turf/length': [ '6.5.0' ],
21 silly audit   '@turf/line-arc': [ '6.5.0' ],
21 silly audit   '@turf/line-chunk': [ '6.5.0' ],
21 silly audit   '@turf/line-intersect': [ '6.5.0' ],
21 silly audit   '@turf/line-offset': [ '6.5.0' ],
21 silly audit   '@turf/line-overlap': [ '6.5.0' ],
21 silly audit   '@turf/line-segment': [ '6.5.0' ],
21 silly audit   '@turf/line-slice': [ '6.5.0' ],
21 silly audit   '@turf/line-slice-along': [ '6.5.0' ],
21 silly audit   '@turf/line-split': [ '6.5.0' ],
21 silly audit   '@turf/line-to-polygon': [ '6.5.0' ],
21 silly audit   '@turf/mask': [ '6.5.0' ],
21 silly audit   '@turf/meta': [ '6.5.0' ],
21 silly audit   '@turf/midpoint': [ '6.5.0' ],
21 silly audit   '@turf/moran-index': [ '6.5.0' ],
21 silly audit   '@turf/nearest-point': [ '6.5.0' ],
21 silly audit   '@turf/nearest-point-on-line': [ '6.5.0' ],
21 silly audit   '@turf/nearest-point-to-line': [ '6.5.0' ],
21 silly audit   '@turf/planepoint': [ '6.5.0' ],
21 silly audit   '@turf/point-grid': [ '6.5.0' ],
21 silly audit   '@turf/point-on-feature': [ '6.5.0' ],
21 silly audit   '@turf/point-to-line-distance': [ '6.5.0' ],
21 silly audit   '@turf/points-within-polygon': [ '6.5.0' ],
21 silly audit   '@turf/polygon-smooth': [ '6.5.0' ],
21 silly audit   '@turf/polygon-tangents': [ '6.5.0' ],
21 silly audit   '@turf/polygon-to-line': [ '6.5.0' ],
21 silly audit   '@turf/polygonize': [ '6.5.0' ],
21 silly audit   '@turf/projection': [ '6.5.0' ],
21 silly audit   '@turf/random': [ '6.5.0' ],
21 silly audit   '@turf/rectangle-grid': [ '6.5.0' ],
21 silly audit   '@turf/rewind': [ '6.5.0' ],
21 silly audit   '@turf/rhumb-bearing': [ '6.5.0' ],
21 silly audit   '@turf/rhumb-destination': [ '6.5.0' ],
21 silly audit   '@turf/rhumb-distance': [ '6.5.0' ],
21 silly audit   '@turf/sample': [ '6.5.0' ],
21 silly audit   '@turf/sector': [ '6.5.0' ],
21 silly audit   '@turf/shortest-path': [ '6.5.0' ],
21 silly audit   '@turf/simplify': [ '6.5.0' ],
21 silly audit   '@turf/square': [ '6.5.0' ],
21 silly audit   '@turf/square-grid': [ '6.5.0' ],
21 silly audit   '@turf/standard-deviational-ellipse': [ '6.5.0' ],
21 silly audit   '@turf/tag': [ '6.5.0' ],
21 silly audit   '@turf/tesselate': [ '6.5.0' ],
21 silly audit   '@turf/tin': [ '6.5.0' ],
21 silly audit   '@turf/transform-rotate': [ '6.5.0' ],
21 silly audit   '@turf/transform-scale': [ '6.5.0' ],
21 silly audit   '@turf/transform-translate': [ '6.5.0' ],
21 silly audit   '@turf/triangle-grid': [ '6.5.0' ],
21 silly audit   '@turf/truncate': [ '6.5.0' ],
21 silly audit   '@turf/turf': [ '6.5.0' ],
21 silly audit   '@turf/union': [ '6.5.0' ],
21 silly audit   '@turf/unkink-polygon': [ '6.5.0' ],
21 silly audit   '@turf/voronoi': [ '6.5.0' ],
21 silly audit   '@tweenjs/tween.js': [ '23.1.3' ],
21 silly audit   '@types/dom-mediacapture-record': [ '1.0.22' ],
21 silly audit   '@types/geojson-vt': [ '3.2.5' ],
21 silly audit   '@types/mapbox__point-geometry': [ '0.1.4' ],
21 silly audit   '@types/mapbox__vector-tile': [ '1.3.4' ],
21 silly audit   '@types/node': [ '20.19.26' ],
21 silly audit   '@types/pbf': [ '3.0.5' ],
21 silly audit   '@types/prop-types': [ '15.7.15' ],
21 silly audit   '@types/react': [ '18.3.27' ],
21 silly audit   '@types/react-dom': [ '18.3.7' ],
21 silly audit   '@types/stats.js': [ '0.17.4' ],
21 silly audit   '@types/supercluster': [ '7.1.3' ],
21 silly audit   '@types/three': [ '0.182.0' ],
21 silly audit   '@types/use-sync-external-store': [ '0.0.6' ],
21 silly audit   '@types/webxr': [ '0.5.24' ],
21 silly audit   '@webgpu/types': [ '0.1.67' ],
21 silly audit   'any-promise': [ '1.3.0' ],
21 silly audit   anymatch: [ '3.1.3' ],
21 silly audit   arg: [ '5.0.2' ],
21 silly audit   autoprefixer: [ '10.4.22' ],
21 silly audit   'baseline-browser-mapping': [ '2.9.6' ],
21 silly audit   'binary-extensions': [ '2.3.0' ],
21 silly audit   braces: [ '3.0.3' ],
21 silly audit   browserslist: [ '4.28.1' ],
21 silly audit   busboy: [ '1.6.0' ],
21 silly audit   'call-bind': [ '1.0.8' ],
21 silly audit   'call-bind-apply-helpers': [ '1.0.2' ],
21 silly audit   'call-bound': [ '1.0.4' ],
21 silly audit   'camelcase-css': [ '2.0.1' ],
21 silly audit   'caniuse-lite': [ '1.0.30001760' ],
21 silly audit   'cheap-ruler': [ '4.0.0' ],
21 silly audit   chokidar: [ '3.6.0' ],
21 silly audit   'glob-parent': [ '5.1.2', '6.0.2' ],
21 silly audit   'client-only': [ '0.0.1' ],
21 silly audit   clsx: [ '2.1.1' ],
21 silly audit   commander: [ '4.1.1', '2.20.3' ],
21 silly audit   concaveman: [ '2.0.0' ],
21 silly audit   rbush: [ '4.0.1', '3.0.1', '2.0.2' ],
21 silly audit   'css-box-model': [ '1.2.1' ],
21 silly audit   csscolorparser: [ '1.0.3' ],
21 silly audit   cssesc: [ '3.0.0' ],
21 silly audit   csstype: [ '3.2.3' ],
21 silly audit   'd3-array': [ '1.2.4' ],
21 silly audit   'd3-geo': [ '1.7.1' ],
21 silly audit   'd3-voronoi': [ '1.1.2' ],
21 silly audit   'deep-equal': [ '1.1.2' ],
21 silly audit   'define-data-property': [ '1.1.4' ],
21 silly audit   'define-properties': [ '1.2.1' ],
21 silly audit   'density-clustering': [ '1.3.0' ],
21 silly audit   didyoumean: [ '1.2.2' ],
21 silly audit   dlv: [ '1.1.3' ],
21 silly audit   'dunder-proto': [ '1.0.1' ],
21 silly audit   earcut: [ '2.2.4', '3.0.2' ],
21 silly audit   'electron-to-chromium': [ '1.5.267' ],
21 silly audit   'es-define-property': [ '1.0.1' ],
21 silly audit   'es-errors': [ '1.3.0' ],
21 silly audit   'es-object-atoms': [ '1.1.1' ],
21 silly audit   escalade: [ '3.2.0' ],
21 silly audit   'fast-glob': [ '3.3.3' ],
21 silly audit   fastq: [ '1.19.1' ],
21 silly audit   fflate: [ '0.8.2' ],
21 silly audit   'fill-range': [ '7.1.1' ],
21 silly audit   'fraction.js': [ '5.3.4' ],
21 silly audit   fsevents: [ '2.3.3' ],
21 silly audit   'function-bind': [ '1.1.2' ],
21 silly audit   'functions-have-names': [ '1.2.3' ],
21 silly audit   'geojson-equality': [ '0.1.6' ],
21 silly audit   'geojson-rbush': [ '3.2.0' ],
21 silly audit   'geojson-vt': [ '4.0.2' ],
21 silly audit   'get-intrinsic': [ '1.3.0' ],
21 silly audit   'get-proto': [ '1.0.1' ],
21 silly audit   'get-stream': [ '6.0.1' ],
21 silly audit   'gl-matrix': [ '3.4.4' ],
21 silly audit   'global-prefix': [ '4.0.0' ],
21 silly audit   gopd: [ '1.2.0' ],
21 silly audit   'graceful-fs': [ '4.2.11' ],
21 silly audit   'grid-index': [ '1.1.0' ],
21 silly audit   'has-property-descriptors': [ '1.0.2' ],
21 silly audit   'has-symbols': [ '1.1.0' ],
21 silly audit   'has-tostringtag': [ '1.0.2' ],
21 silly audit   hasown: [ '2.0.2' ],
21 silly audit   ieee754: [ '1.2.1' ],
21 silly audit   ini: [ '4.1.3' ],
21 silly audit   'is-arguments': [ '1.2.0' ],
21 silly audit   'is-binary-path': [ '2.1.0' ],
21 silly audit   'is-core-module': [ '2.16.1' ],
21 silly audit   'is-date-object': [ '1.1.0' ],
21 silly audit   'is-extglob': [ '2.1.1' ],
21 silly audit   'is-glob': [ '4.0.3' ],
21 silly audit   'is-number': [ '7.0.0' ],
21 silly audit   'is-regex': [ '1.2.1' ],
21 silly audit   isexe: [ '3.1.1' ],
21 silly audit   jiti: [ '1.21.7' ],
21 silly audit   'js-tokens': [ '4.0.0' ],
21 silly audit   'json-stringify-pretty-compact': [ '4.0.0' ],
21 silly audit   kdbush: [ '4.0.2' ],
21 silly audit   'kind-of': [ '6.0.3' ],
21 silly audit   lilconfig: [ '3.1.3' ],
21 silly audit   'lines-and-columns': [ '1.2.4' ],
21 silly audit   'loose-envify': [ '1.4.0' ],
21 silly audit   'lucide-react': [ '0.344.0' ],
21 silly audit   'mapbox-gl': [ '3.17.0' ],
21 silly audit   'maplibre-gl': [ '4.7.1' ],
21 silly audit   pbf: [ '3.3.0', '4.0.1' ],
21 silly audit   'martinez-polygon-clipping': [ '0.7.4' ],
21 silly audit   'robust-predicates': [ '2.0.4', '3.0.2' ],
21 silly audit   tinyqueue: [ '1.2.3', '3.0.0' ],
21 silly audit   'math-intrinsics': [ '1.1.0' ],
21 silly audit   'memoize-one': [ '6.0.0' ],
21 silly audit   merge2: [ '1.4.1' ],
21 silly audit   meshoptimizer: [ '0.22.0' ],
21 silly audit   micromatch: [ '4.0.8' ],
21 silly audit   minimist: [ '1.2.8' ],
21 silly audit   'murmurhash-js': [ '1.0.0' ],
21 silly audit   mz: [ '2.7.0' ],
21 silly audit   nanoid: [ '3.3.11' ],
21 silly audit   next: [ '14.2.0' ],
21 silly audit   postcss: [ '8.4.31', '8.5.6' ],
21 silly audit   'node-releases': [ '2.0.27' ],
21 silly audit   'normalize-path': [ '3.0.0' ],
21 silly audit   'normalize-range': [ '0.1.2' ],
21 silly audit   'object-assign': [ '4.1.1' ],
21 silly audit   'object-hash': [ '3.0.0' ],
21 silly audit   'object-is': [ '1.1.6' ],
21 silly audit   'object-keys': [ '1.1.1' ],
21 silly audit   'path-parse': [ '1.0.7' ],
21 silly audit   picocolors: [ '1.1.1' ],
21 silly audit   picomatch: [ '2.3.1', '4.0.3' ],
21 silly audit   pify: [ '2.3.0' ],
21 silly audit   pirates: [ '4.0.7' ],
21 silly audit   'point-in-polygon': [ '1.1.0' ],
21 silly audit   'polygon-clipping': [ '0.15.7' ],
21 silly audit   splaytree: [ '3.1.2', '0.1.4' ],
21 silly audit   'postcss-import': [ '15.1.0' ],
21 silly audit   'postcss-js': [ '4.1.0' ],
21 silly audit   'postcss-load-config': [ '6.0.1' ],
21 silly audit   'postcss-nested': [ '6.2.0' ],
21 silly audit   'postcss-selector-parser': [ '6.1.2' ],
21 silly audit   'postcss-value-parser': [ '4.2.0' ],
21 silly audit   potpack: [ '2.1.0' ],
21 silly audit   prisma: [ '5.22.0' ],
21 silly audit   'protocol-buffers-schema': [ '3.6.0' ],
21 silly audit   'queue-microtask': [ '1.2.3' ],
21 silly audit   'raf-schd': [ '4.0.3' ],
21 silly audit   react: [ '18.3.1' ],
21 silly audit   'react-dom': [ '18.3.1' ],
21 silly audit   'react-redux': [ '9.2.0' ],
21 silly audit   'read-cache': [ '1.0.0' ],
21 silly audit   readdirp: [ '3.6.0' ],
21 silly audit   redux: [ '5.0.1' ],
21 silly audit   'regexp.prototype.flags': [ '1.5.4' ],
21 silly audit   resolve: [ '1.22.11' ],
21 silly audit   'resolve-protobuf-schema': [ '2.1.0' ],
21 silly audit   reusify: [ '1.1.0' ],
21 silly audit   'run-parallel': [ '1.2.0' ],
21 silly audit   rw: [ '1.3.3' ],
21 silly audit   scheduler: [ '0.23.2' ],
21 silly audit   'set-function-length': [ '1.2.2' ],
21 silly audit   'set-function-name': [ '2.0.2' ],
21 silly audit   skmeans: [ '0.9.7' ],
21 silly audit   sonner: [ '2.0.7' ],
21 silly audit   'source-map-js': [ '1.2.1' ],
21 silly audit   streamsearch: [ '1.1.0' ],
21 silly audit   'styled-jsx': [ '5.1.1' ],
21 silly audit   sucrase: [ '3.35.1' ],
21 silly audit   supercluster: [ '8.0.1' ],
21 silly audit   'supports-preserve-symlinks-flag': [ '1.0.0' ],
21 silly audit   'tailwind-merge': [ '2.6.0' ],
21 silly audit   tailwindcss: [ '3.4.19' ],
21 silly audit   thenify: [ '3.3.1' ],
21 silly audit   'thenify-all': [ '1.6.0' ],
21 silly audit   three: [ '0.182.0' ],
21 silly audit   'tiny-invariant': [ '1.3.3' ],
21 silly audit   tinyglobby: [ '0.2.15' ],
21 silly audit   fdir: [ '6.5.0' ],
21 silly audit   'to-regex-range': [ '5.0.1' ],
21 silly audit   'topojson-client': [ '3.1.0' ],
21 silly audit   'topojson-server': [ '3.0.1' ],
21 silly audit   'ts-interface-checker': [ '0.1.13' ],
21 silly audit   tslib: [ '2.8.1' ],
21 silly audit   'turf-jsts': [ '1.2.3' ],
21 silly audit   typescript: [ '5.9.3' ],
21 silly audit   'undici-types': [ '6.21.0' ],
21 silly audit   'update-browserslist-db': [ '1.2.2' ],
21 silly audit   'use-memo-one': [ '1.1.3' ],
21 silly audit   'use-sync-external-store': [ '1.6.0' ],
21 silly audit   'util-deprecate': [ '1.0.2' ],
21 silly audit   'vt-pbf': [ '3.1.3' ],
21 silly audit   which: [ '4.0.0' ],
21 silly audit   zustand: [ '4.5.7' ],
21 silly audit   dotenv: [ '17.2.3' ]
21 silly audit }
22 verbose reify failed optional dependency /Users/sunsu/Desktop/Sunsky Map/travel-route-studio/node_modules/@next/swc-win32-x64-msvc
23 silly reify mark deleted [
23 silly reify   '/Users/sunsu/Desktop/Sunsky Map/travel-route-studio/node_modules/@next/swc-win32-x64-msvc'
23 silly reify ]
24 verbose reify failed optional dependency /Users/sunsu/Desktop/Sunsky Map/travel-route-studio/node_modules/@next/swc-win32-ia32-msvc
25 silly reify mark deleted [
25 silly reify   '/Users/sunsu/Desktop/Sunsky Map/travel-route-studio/node_modules/@next/swc-win32-ia32-msvc'
25 silly reify ]
26 verbose reify failed optional dependency /Users/sunsu/Desktop/Sunsky Map/travel-route-studio/node_modules/@next/swc-win32-arm64-msvc
27 silly reify mark deleted [
27 silly reify   '/Users/sunsu/Desktop/Sunsky Map/travel-route-studio/node_modules/@next/swc-win32-arm64-msvc'
27 silly reify ]
28 verbose reify failed optional dependency /Users/sunsu/Desktop/Sunsky Map/travel-route-studio/node_modules/@next/swc-linux-x64-musl
29 silly reify mark deleted [
29 silly reify   '/Users/sunsu/Desktop/Sunsky Map/travel-route-studio/node_modules/@next/swc-linux-x64-musl'
29 silly reify ]
30 verbose reify failed optional dependency /Users/sunsu/Desktop/Sunsky Map/travel-route-studio/node_modules/@next/swc-linux-x64-gnu
31 silly reify mark deleted [
31 silly reify   '/Users/sunsu/Desktop/Sunsky Map/travel-route-studio/node_modules/@next/swc-linux-x64-gnu'
31 silly reify ]
32 verbose reify failed optional dependency /Users/sunsu/Desktop/Sunsky Map/travel-route-studio/node_modules/@next/swc-linux-arm64-musl
33 silly reify mark deleted [
33 silly reify   '/Users/sunsu/Desktop/Sunsky Map/travel-route-studio/node_modules/@next/swc-linux-arm64-musl'
33 silly reify ]
34 verbose reify failed optional dependency /Users/sunsu/Desktop/Sunsky Map/travel-route-studio/node_modules/@next/swc-linux-arm64-gnu
35 silly reify mark deleted [
35 silly reify   '/Users/sunsu/Desktop/Sunsky Map/travel-route-studio/node_modules/@next/swc-linux-arm64-gnu'
35 silly reify ]
36 verbose reify failed optional dependency /Users/sunsu/Desktop/Sunsky Map/travel-route-studio/node_modules/@next/swc-darwin-x64
37 silly reify mark deleted [
37 silly reify   '/Users/sunsu/Desktop/Sunsky Map/travel-route-studio/node_modules/@next/swc-darwin-x64'
37 silly reify ]
38 http cache dotenv@https://registry.npmjs.org/dotenv/-/dotenv-17.2.3.tgz 0ms (cache hit)
39 silly tarball no local data for dotenv@https://registry.npmjs.org/dotenv/-/dotenv-17.2.3.tgz. Extracting by manifest.
40 http fetch GET 200 https://registry.npmjs.org/dotenv/-/dotenv-17.2.3.tgz 69ms (cache miss)
41 http fetch POST 200 https://registry.npmjs.org/-/npm/v1/security/advisories/bulk 161ms
42 silly audit report {
42 silly audit report   next: [
42 silly audit report     {
42 silly audit report       id: 1099638,
42 silly audit report       url: 'https://github.com/advisories/GHSA-gp8f-8m3g-qvj9',
42 silly audit report       title: 'Next.js Cache Poisoning',
42 silly audit report       severity: 'high',
42 silly audit report       vulnerable_versions: '>=14.0.0 <14.2.10',
42 silly audit report       cwe: [Array],
42 silly audit report       cvss: [Object]
42 silly audit report     },
42 silly audit report     {
42 silly audit report       id: 1100421,
42 silly audit report       url: 'https://github.com/advisories/GHSA-g77x-44xx-532m',
42 silly audit report       title: 'Denial of Service condition in Next.js image optimization',
42 silly audit report       severity: 'moderate',
42 silly audit report       vulnerable_versions: '>=10.0.0 <14.2.7',
42 silly audit report       cwe: [Array],
42 silly audit report       cvss: [Object]
42 silly audit report     },
42 silly audit report     {
42 silly audit report       id: 1101438,
42 silly audit report       url: 'https://github.com/advisories/GHSA-7m27-7ghc-44w9',
42 silly audit report       title: 'Next.js Allows a Denial of Service (DoS) with Server Actions',
42 silly audit report       severity: 'moderate',
42 silly audit report       vulnerable_versions: '>=14.0.0 <14.2.21',
42 silly audit report       cwe: [Array],
42 silly audit report       cvss: [Object]
42 silly audit report     },
42 silly audit report     {
42 silly audit report       id: 1105461,
42 silly audit report       url: 'https://github.com/advisories/GHSA-3h52-269p-cp9r',
42 silly audit report       title: 'Information exposure in Next.js dev server due to lack of origin verification',
42 silly audit report       severity: 'low',
42 silly audit report       vulnerable_versions: '>=13.0 <14.2.30',
42 silly audit report       cwe: [Array],
42 silly audit report       cvss: [Object]
42 silly audit report     },
42 silly audit report     {
42 silly audit report       id: 1111391,
42 silly audit report       url: 'https://github.com/advisories/GHSA-mwv6-3258-q52c',
42 silly audit report       title: 'Next Vulnerable to Denial of Service with Server Components',
42 silly audit report       severity: 'high',
42 silly audit report       vulnerable_versions: '>=13.3.0 <14.2.34',
42 silly audit report       cwe: [Array],
42 silly audit report       cvss: [Object]
42 silly audit report     },
42 silly audit report     {
42 silly audit report       id: 1111461,
42 silly audit report       url: 'https://github.com/advisories/GHSA-5j59-xgg2-r9c4',
42 silly audit report       title: 'Next has a Denial of Service with Server Components - Incomplete Fix Follow-Up',
42 silly audit report       severity: 'high',
42 silly audit report       vulnerable_versions: '>=13.3.1-canary.0 <14.2.35',
42 silly audit report       cwe: [Array],
42 silly audit report       cvss: [Object]
42 silly audit report     },
42 silly audit report     {
42 silly audit report       id: 1107226,
42 silly audit report       url: 'https://github.com/advisories/GHSA-g5qg-72qw-gw5v',
42 silly audit report       title: 'Next.js Affected by Cache Key Confusion for Image Optimization API Routes',
42 silly audit report       severity: 'moderate',
42 silly audit report       vulnerable_versions: '>=0.9.9 <14.2.31',
42 silly audit report       cwe: [Array],
42 silly audit report       cvss: [Object]
42 silly audit report     },
42 silly audit report     {
42 silly audit report       id: 1107420,
42 silly audit report       url: 'https://github.com/advisories/GHSA-7gfc-8cq8-jh5f',
42 silly audit report       title: 'Next.js authorization bypass vulnerability',
42 silly audit report       severity: 'high',
42 silly audit report       vulnerable_versions: '>=9.5.5 <14.2.15',
42 silly audit report       cwe: [Array],
42 silly audit report       cvss: [Object]
42 silly audit report     },
42 silly audit report     {
42 silly audit report       id: 1107512,
42 silly audit report       url: 'https://github.com/advisories/GHSA-4342-x723-ch2f',
42 silly audit report       title: 'Next.js Improper Middleware Redirect Handling Leads to SSRF',
42 silly audit report       severity: 'moderate',
42 silly audit report       vulnerable_versions: '>=0.9.9 <14.2.32',
42 silly audit report       cwe: [Array],
42 silly audit report       cvss: [Object]
42 silly audit report     },
42 silly audit report     {
42 silly audit report       id: 1107513,
42 silly audit report       url: 'https://github.com/advisories/GHSA-xv57-4mr9-wg8v',
42 silly audit report       title: 'Next.js Content Injection Vulnerability for Image Optimization',
42 silly audit report       severity: 'moderate',
42 silly audit report       vulnerable_versions: '>=0.9.9 <14.2.31',
42 silly audit report       cwe: [Array],
42 silly audit report       cvss: [Object]
42 silly audit report     },
42 silly audit report     {
42 silly audit report       id: 1108291,
42 silly audit report       url: 'https://github.com/advisories/GHSA-qpjv-v59x-3qc4',
42 silly audit report       title: 'Next.js Race Condition to Cache Poisoning',
42 silly audit report       severity: 'low',
42 silly audit report       vulnerable_versions: '>=0.9.9 <14.2.24',
42 silly audit report       cwe: [Array],
42 silly audit report       cvss: [Object]
42 silly audit report     },
42 silly audit report     {
42 silly audit report       id: 1108953,
42 silly audit report       url: 'https://github.com/advisories/GHSA-f82v-jwr5-mffw',
42 silly audit report       title: 'Authorization Bypass in Next.js Middleware',
42 silly audit report       severity: 'critical',
42 silly audit report       vulnerable_versions: '>=14.0.0 <14.2.25',
42 silly audit report       cwe: [Array],
42 silly audit report       cvss: [Object]
42 silly audit report     }
42 silly audit report   ]
42 silly audit report }
43 silly packumentCache corgi:https://registry.npmjs.org/next cache-miss
44 http fetch GET 200 https://registry.npmjs.org/next 283ms (cache updated)
45 silly packumentCache corgi:https://registry.npmjs.org/next set size:undefined disposed:false
46 silly ADD node_modules/dotenv
47 silly ADD
48 silly ADD
49 silly ADD
50 silly ADD
51 silly ADD
52 silly ADD
53 silly ADD
54 silly ADD
55 verbose cwd /Users/sunsu/Desktop/Sunsky Map/travel-route-studio
56 verbose os Darwin 24.5.0
57 verbose node v22.20.0
58 verbose npm  v10.9.3
59 verbose exit 0
60 info ok
